course2/data/ukhpi/ukhpi-property-type-avg-leeds-from-2001-01-01-to-2018-01-01.csv
"Name","URI","Region GSS code","Period","Sales volume","Reporting period","Average price All property types","Average price Detached houses","Average price Semi-detached houses","Average price Terraced houses","Average price Flats and maisonettes","Pivotable date"
Leeds,http://landregistry.data.gov.uk/id/region/leeds,E08000035,2001-01,850,monthly,62914,121002,66117,48188,50013,2001-01-01
Leeds,http://landregistry.data.gov.uk/id/region/leeds,E08000035,2001-02,813,monthly,63698,122295,66928,48838,50625,2001-02-01
Leeds,http://landregistry.data.gov.uk/id/region/leeds,E08000035,2001-03,1267,monthly,63692,122471,66906,48857,50347,2001-03-01
Leeds,http://landregistry.data.gov.uk/id/region/leeds,E08000035,2001-04,1211,monthly,64815,124460,68000,49789,51306,2001-04-01
Leeds,http://landregistry.data.gov.uk/id/region/leeds,E08000035,2001-05,1358,monthly,65706,125604,68902,50573,52058,2001-05-01
Leeds,http://landregistry.data.gov.uk/id/region/leeds,E08000035,2001-06,1492,monthly,67682,128955,70890,52156,53909,2001-06-01
Leeds,http://landregistry.data.gov.uk/id/region/leeds,E08000035,2001-07,1489,monthly,68745,131147,72058,52951,54579,2001-07-01
Leeds,http://landregistry.data.gov.uk/id/region/leeds,E08000035,2001-08,1661,monthly,69986,134162,73259,53859,55640,2001-08-01
Leeds,http://landregistry.data.gov.uk/id/region/leeds,E08000035,2001-09,1358,monthly,70421,135779,73581,54165,55981,2001-09-01
Leeds,http://landregistry.data.gov.uk/id/region/leeds,E08000035,2001-10,1428,monthly,70427,135774,73607,54099,56254,2001-10-01
Leeds,http://landregistry.data.gov.uk/id/region/leeds,E08000035,2001-11,1579,monthly,70383,135482,73703,53954,56424,2001-11-01
Leeds,http://landregistry.data.gov.uk/id/region/leeds,E08000035,2001-12,1291,monthly,71270,136398,74823,54507,57681,2001-12-01
Leeds,http://landregistry.data.gov.uk/id/region/leeds,E08000035,2002-01,1051,monthly,71659,137119,75235,54757,58226,2002-01-01
Leeds,http://landregistry.data.gov.uk/id/region/leeds,E08000035,2002-02,1155,monthly,71944,137499,75373,55079,58604,2002-02-01
Leeds,http://landregistry.data.gov.uk/id/region/leeds,E08000035,2002-03,1509,monthly,72314,138250,75708,55452,58621,2002-03-01
Leeds,http://landregistry.data.gov.uk/id/region/leeds,E08000035,2002-04,1392,monthly,74384,141545,77769,57146,60622,2002-04-01
Leeds,http://landregistry.data.gov.uk/id/region/leeds,E08000035,2002-05,1814,monthly,76318,144648,79915,58613,62310,2002-05-01
Leeds,http://landregistry.data.gov.uk/id/region/leeds,E08000035,2002-06,1493,monthly,79817,150884,83412,61417,65446,2002-06-01
Leeds,http://landregistry.data.gov.uk/id/region/leeds,E08000035,2002-07,1807,monthly,82212,155626,85890,63330,67010,2002-07-01
Leeds,http://landregistry.data.gov.uk/id/region/leeds,E08000035,2002-08,1761,monthly,84980,160945,88702,65515,69224,2002-08-01
Leeds,http://landregistry.data.gov.uk/id/region/leeds,E08000035,2002-09,1443,monthly,85618,162478,89569,65903,69340,2002-09-01
Leeds,http://landregistry.data.gov.uk/id/region/leeds,E08000035,2002-10,1466,monthly,86496,163977,90741,66401,70187,2002-10-01
Leeds,http://landregistry.data.gov.uk/id/region/leeds,E08000035,2002-11,1615,monthly,88052,167249,92395,67522,71485,2002-11-01
Leeds,http://landregistry.data.gov.uk/id/region/leeds,E08000035,2002-12,1409,monthly,90213,170596,94777,69131,73650,2002-12-01
Leeds,http://landregistry.data.gov.uk/id/region/leeds,E08000035,2003-01,1091,monthly,91775,173214,96159,70544,75000,2003-01-01
Leeds,http://landregistry.data.gov.uk/id/region/leeds,E08000035,2003-02,1004,monthly,93794,175980,98387,72151,76802,2003-02-01
Leeds,http://landregistry.data.gov.uk/id/region/leeds,E08000035,2003-03,1248,monthly,94495,177407,98964,72819,77193,2003-03-01
Leeds,http://landregistry.data.gov.uk/id/region/leeds,E08000035,2003-04,1205,monthly,97224,181759,102095,74850,79450,2003-04-01
Leeds,http://landregistry.data.gov.uk/id/region/leeds,E08000035,2003-05,1490,monthly,99048,184870,104066,76358,80509,2003-05-01
Leeds,http://landregistry.data.gov.uk/id/region/leeds,E08000035,2003-06,1499,monthly,102098,189729,107248,78762,83432,2003-06-01
Leeds,http://landregistry.data.gov.uk/id/region/leeds,E08000035,2003-07,1636,monthly,104253,193116,109487,80588,84982,2003-07-01
Leeds,http://landregistry.data.gov.uk/id/region/leeds,E08000035,2003-08,1726,monthly,105882,195541,111148,81974,86330,2003-08-01
Leeds,http://landregistry.data.gov.uk/id/region/leeds,E08000035,2003-09,1597,monthly,108284,199701,113748,84027,87351,2003-09-01
Leeds,http://landregistry.data.gov.uk/id/region/leeds,E08000035,2003-10,1690,monthly,108520,199708,113886,84347,87585,2003-10-01
Leeds,http://landregistry.data.gov.uk/id/region/leeds,E08000035,2003-11,1711,monthly,109058,200322,114456,84824,88012,2003-11-01
Leeds,http://landregistry.data.gov.uk/id/region/leeds,E08000035,2003-12,1880,monthly,109731,199812,115052,85594,89103,2003-12-01
Leeds,http://landregistry.data.gov.uk/id/region/leeds,E08000035,2004-01,1349,monthly,110810,201666,116081,86587,89709,2004-01-01
Leeds,http://landregistry.data.gov.uk/id/region/leeds,E08000035,2004-02,1200,monthly,112321,203527,117467,87988,90946,2004-02-01
Leeds,http://landregistry.data.gov.uk/id/region/leeds,E08000035,2004-03,1573,monthly,112889,204604,117747,88561,91251,2004-03-01
Leeds,http://landregistry.data.gov.uk/id/region/leeds,E08000035,2004-04,1745,monthly,116502,208850,121437,91884,94001,2004-04-01
Leeds,http://landregistry.data.gov.uk/id/region/leeds,E08000035,2004-05,1625,monthly,119963,212707,124790,95169,96786,2004-05-01
Leeds,http://landregistry.data.gov.uk/id/region/leeds,E08000035,2004-06,1782,monthly,124023,218074,128984,98694,100091,2004-06-01
Leeds,http://landregistry.data.gov.uk/id/region/leeds,E08000035,2004-07,1986,monthly,127224,223334,132493,101388,102175,2004-07-01
Leeds,http://landregistry.data.gov.uk/id/region/leeds,E08000035,2004-08,1445,monthly,130206,229277,135661,103833,104015,2004-08-01
Leeds,http://landregistry.data.gov.uk/id/region/leeds,E08000035,2004-09,1391,monthly,132208,233623,137831,105549,104858,2004-09-01
Leeds,http://landregistry.data.gov.uk/id/region/leeds,E08000035,2004-10,1326,monthly,132978,234952,138262,106131,106166,2004-10-01
Leeds,http://landregistry.data.gov.uk/id/region/leeds,E08000035,2004-11,1120,monthly,133968,236074,139104,106980,107379,2004-11-01
Leeds,http://landregistry.data.gov.uk/id/region/leeds,E08000035,2004-12,1242,monthly,134125,234940,138976,107281,108126,2004-12-01
Leeds,http://landregistry.data.gov.uk/id/region/leeds,E08000035,2005-01,764,monthly,134452,235295,138974,107668,108746,2005-01-01
Leeds,http://landregistry.data.gov.uk/id/region/leeds,E08000035,2005-02,831,monthly,135038,236125,139614,108053,109441,2005-02-01
Leeds,http://landregistry.data.gov.uk/id/region/leeds,E08000035,2005-03,964,monthly,136491,238683,141222,109154,110562,2005-03-01
Leeds,http://landregistry.data.gov.uk/id/region/leeds,E08000035,2005-04,1113,monthly,137048,238185,142049,109731,110817,2005-04-01
Leeds,http://landregistry.data.gov.uk/id/region/leeds,E08000035,2005-05,1205,monthly,136455,236550,141257,109514,110208,2005-05-01
Leeds,http://landregistry.data.gov.uk/id/region/leeds,E08000035,2005-06,1376,monthly,136609,235259,141234,110037,110221,2005-06-01
Leeds,http://landregistry.data.gov.uk/id/region/leeds,E08000035,2005-07,1484,monthly,138643,238933,143433,111792,111342,2005-07-01
Leeds,http://landregistry.data.gov.uk/id/region/leeds,E08000035,2005-08,1428,monthly,140919,242953,145700,113833,112762,2005-08-01
Leeds,http://landregistry.data.gov.uk/id/region/leeds,E08000035,2005-09,1349,monthly,142369,246366,147163,115090,113421,2005-09-01
Leeds,http://landregistry.data.gov.uk/id/region/leeds,E08000035,2005-10,1369,monthly,142627,246612,147064,115452,113923,2005-10-01
Leeds,http://landregistry.data.gov.uk/id/region/leeds,E08000035,2005-11,1256,monthly,142289,245408,146774,115212,113705,2005-11-01
Leeds,http://landregistry.data.gov.uk/id/region/leeds,E08000035,2005-12,1353,monthly,141621,242879,145835,114776,113859,2005-12-01
Leeds,http://landregistry.data.gov.uk/id/region/leeds,E08000035,2006-01,1263,monthly,142452,244386,146546,115629,114286,2006-01-01
Leeds,http://landregistry.data.gov.uk/id/region/leeds,E08000035,2006-02,1101,monthly,142874,244350,146683,116089,115022,2006-02-01
Leeds,http://landregistry.data.gov.uk/id/region/leeds,E08000035,2006-03,1533,monthly,144371,247718,148476,117292,115522,2006-03-01
Leeds,http://landregistry.data.gov.uk/id/region/leeds,E08000035,2006-04,1408,monthly,144763,247257,148998,117740,115799,2006-04-01
Leeds,http://landregistry.data.gov.uk/id/region/leeds,E08000035,2006-05,1634,monthly,146416,250186,150925,119102,116737,2006-05-01
Leeds,http://landregistry.data.gov.uk/id/region/leeds,E08000035,2006-06,1896,monthly,146554,249614,151048,119420,116750,2006-06-01
Leeds,http://landregistry.data.gov.uk/id/region/leeds,E08000035,2006-07,1781,monthly,148264,252876,152738,121131,117510,2006-07-01
Leeds,http://landregistry.data.gov.uk/id/region/leeds,E08000035,2006-08,1686,monthly,150027,256286,154569,122907,118127,2006-08-01
Leeds,http://landregistry.data.gov.uk/id/region/leeds,E08000035,2006-09,1695,monthly,151261,259330,155866,123974,118657,2006-09-01
Leeds,http://landregistry.data.gov.uk/id/region/leeds,E08000035,2006-10,1615,monthly,151489,260085,156125,123971,119035,2006-10-01
Leeds,http://landregistry.data.gov.uk/id/region/leeds,E08000035,2006-11,1737,monthly,151060,259389,155778,123590,118611,2006-11-01
Leeds,http://landregistry.data.gov.uk/id/region/leeds,E08000035,2006-12,1742,monthly,153513,262428,158165,125822,120697,2006-12-01
Leeds,http://landregistry.data.gov.uk/id/region/leeds,E08000035,2007-01,1244,monthly,153501,262360,158150,125972,120414,2007-01-01
Leeds,http://landregistry.data.gov.uk/id/region/leeds,E08000035,2007-02,1192,monthly,154795,264362,159254,126947,121883,2007-02-01
Leeds,http://landregistry.data.gov.uk/id/region/leeds,E08000035,2007-03,1508,monthly,153990,263750,158487,126357,120838,2007-03-01
Leeds,http://landregistry.data.gov.uk/id/region/leeds,E08000035,2007-04,1376,monthly,155549,265657,160024,127944,121934,2007-04-01
Leeds,http://landregistry.data.gov.uk/id/region/leeds,E08000035,2007-05,1451,monthly,156569,266327,160985,129115,122695,2007-05-01
Leeds,http://landregistry.data.gov.uk/id/region/leeds,E08000035,2007-06,1917,monthly,157706,267904,162059,130224,123564,2007-06-01
Leeds,http://landregistry.data.gov.uk/id/region/leeds,E08000035,2007-07,1832,monthly,159596,271905,163994,131735,124875,2007-07-01
Leeds,http://landregistry.data.gov.uk/id/region/leeds,E08000035,2007-08,1814,monthly,160443,274851,165025,132647,124543,2007-08-01
Leeds,http://landregistry.data.gov.uk/id/region/leeds,E08000035,2007-09,1278,monthly,161439,277430,166082,133374,125139,2007-09-01
Leeds,http://landregistry.data.gov.uk/id/region/leeds,E08000035,2007-10,1476,monthly,160575,276511,165003,132560,124668,2007-10-01
Leeds,http://landregistry.data.gov.uk/id/region/leeds,E08000035,2007-11,1356,monthly,160960,277546,165410,132525,125357,2007-11-01
Leeds,http://landregistry.data.gov.uk/id/region/leeds,E08000035,2007-12,1126,monthly,160623,276608,164927,132208,125434,2007-12-01
Leeds,http://landregistry.data.gov.uk/id/region/leeds,E08000035,2008-01,797,monthly,161438,278459,165765,132797,126046,2008-01-01
Leeds,http://landregistry.data.gov.uk/id/region/leeds,E08000035,2008-02,828,monthly,159764,275635,163943,131409,124855,2008-02-01
Leeds,http://landregistry.data.gov.uk/id/region/leeds,E08000035,2008-03,691,monthly,158294,273918,162723,130094,123243,2008-03-01
Leeds,http://landregistry.data.gov.uk/id/region/leeds,E08000035,2008-04,824,monthly,156852,271939,161275,129055,121738,2008-04-01
Leeds,http://landregistry.data.gov.uk/id/region/leeds,E08000035,2008-05,871,monthly,156771,271423,161303,129147,121410,2008-05-01
Leeds,http://landregistry.data.gov.uk/id/region/leeds,E08000035,2008-06,881,monthly,156215,270111,160648,128799,121011,2008-06-01
Leeds,http://landregistry.data.gov.uk/id/region/leeds,E08000035,2008-07,762,monthly,153818,265656,158439,126623,119219,2008-07-01
Leeds,http://landregistry.data.gov.uk/id/region/leeds,E08000035,2008-08,641,monthly,151017,261465,155563,124291,116908,2008-08-01
Leeds,http://landregistry.data.gov.uk/id/region/leeds,E08000035,2008-09,574,monthly,148127,258594,152424,121699,114620,2008-09-01
Leeds,http://landregistry.data.gov.uk/id/region/leeds,E08000035,2008-10,661,monthly,144947,253555,149089,118962,112284,2008-10-01
Leeds,http://landregistry.data.gov.uk/id/region/leeds,E08000035,2008-11,514,monthly,141320,247699,145473,115735,109573,2008-11-01
Leeds,http://landregistry.data.gov.uk/id/region/leeds,E08000035,2008-12,547,monthly,137245,239301,141516,112577,106199,2008-12-01
Leeds,http://landregistry.data.gov.uk/id/region/leeds,E08000035,2009-01,388,monthly,134554,235304,138649,110187,104315,2009-01-01
Leeds,http://landregistry.data.gov.uk/id/region/leeds,E08000035,2009-02,375,monthly,132367,231318,136324,108270,102967,2009-02-01
Leeds,http://landregistry.data.gov.uk/id/region/leeds,E08000035,2009-03,484,monthly,130273,227775,133990,106180,102186,2009-03-01
Leeds,http://landregistry.data.gov.uk/id/region/leeds,E08000035,2009-04,594,monthly,130128,226078,133990,106182,102192,2009-04-01
Leeds,http://landregistry.data.gov.uk/id/region/leeds,E08000035,2009-05,640,monthly,130525,226070,134445,106755,102290,2009-05-01
Leeds,http://landregistry.data.gov.uk/id/region/leeds,E08000035,2009-06,740,monthly,133473,231055,137739,109463,103736,2009-06-01
Leeds,http://landregistry.data.gov.uk/id/region/leeds,E08000035,2009-07,786,monthly,135717,235480,140280,111505,104574,2009-07-01
Leeds,http://landregistry.data.gov.uk/id/region/leeds,E08000035,2009-08,792,monthly,138855,242050,143674,114201,106128,2009-08-01
Leeds,http://landregistry.data.gov.uk/id/region/leeds,E08000035,2009-09,802,monthly,140463,245497,145450,115470,107016,2009-09-01
Leeds,http://landregistry.data.gov.uk/id/region/leeds,E08000035,2009-10,818,monthly,141491,247751,146712,116313,107320,2009-10-01
Leeds,http://landregistry.data.gov.uk/id/region/leeds,E08000035,2009-11,742,monthly,141787,248536,147043,116673,107222,2009-11-01
Leeds,http://landregistry.data.gov.uk/id/region/leeds,E08000035,2009-12,957,monthly,143194,249687,148674,118291,107782,2009-12-01
Leeds,http://landregistry.data.gov.uk/id/region/leeds,E08000035,2010-01,428,monthly,142945,250667,148733,118059,106631,2010-01-01
Leeds,http://landregistry.data.gov.uk/id/region/leeds,E08000035,2010-02,564,monthly,143150,251572,149412,118095,106156,2010-02-01
Leeds,http://landregistry.data.gov.uk/id/region/leeds,E08000035,2010-03,599,monthly,141113,250398,147288,115882,104760,2010-03-01
Leeds,http://landregistry.data.gov.uk/id/region/leeds,E08000035,2010-04,626,monthly,141727,250555,147892,116426,105664,2010-04-01
Leeds,http://landregistry.data.gov.uk/id/region/leeds,E08000035,2010-05,758,monthly,141969,250951,147994,116644,106094,2010-05-01
Leeds,http://landregistry.data.gov.uk/id/region/leeds,E08000035,2010-06,809,monthly,143228,252711,149457,117959,106448,2010-06-01
Leeds,http://landregistry.data.gov.uk/id/region/leeds,E08000035,2010-07,806,monthly,144288,255887,150591,118830,106546,2010-07-01
Leeds,http://landregistry.data.gov.uk/id/region/leeds,E08000035,2010-08,788,monthly,146016,259785,152766,119992,107253,2010-08-01
Leeds,http://landregistry.data.gov.uk/id/region/leeds,E08000035,2010-09,713,monthly,146275,261639,152984,119997,107246,2010-09-01
Leeds,http://landregistry.data.gov.uk/id/region/leeds,E08000035,2010-10,721,monthly,145010,259335,151645,118802,106672,2010-10-01
Leeds,http://landregistry.data.gov.uk/id/region/leeds,E08000035,2010-11,603,monthly,141969,254421,148231,116240,104728,2010-11-01
Leeds,http://landregistry.data.gov.uk/id/region/leeds,E08000035,2010-12,629,monthly,140645,251673,147006,114969,104018,2010-12-01
Leeds,http://landregistry.data.gov.uk/id/region/leeds,E08000035,2011-01,454,monthly,140587,252667,146802,114696,104131,2011-01-01
Leeds,http://landregistry.data.gov.uk/id/region/leeds,E08000035,2011-02,462,monthly,141314,254755,147274,115271,104861,2011-02-01
Leeds,http://landregistry.data.gov.uk/id/region/leeds,E08000035,2011-03,495,monthly,140177,254281,145897,114159,103975,2011-03-01
Leeds,http://landregistry.data.gov.uk/id/region/leeds,E08000035,2011-04,662,monthly,139392,252333,145017,113671,103466,2011-04-01
Leeds,http://landregistry.data.gov.uk/id/region/leeds,E08000035,2011-05,626,monthly,139200,250487,144969,113485,103842,2011-05-01
Leeds,http://landregistry.data.gov.uk/id/region/leeds,E08000035,2011-06,654,monthly,140836,251237,146857,115098,105210,2011-06-01
Leeds,http://landregistry.data.gov.uk/id/region/leeds,E08000035,2011-07,764,monthly,140329,249681,146361,114676,105109,2011-07-01
Leeds,http://landregistry.data.gov.uk/id/region/leeds,E08000035,2011-08,796,monthly,140126,250128,146415,114578,103857,2011-08-01
Leeds,http://landregistry.data.gov.uk/id/region/leeds,E08000035,2011-09,770,monthly,139768,250924,145988,114271,102998,2011-09-01
Leeds,http://landregistry.data.gov.uk/id/region/leeds,E08000035,2011-10,701,monthly,139618,251583,146113,113961,102234,2011-10-01
Leeds,http://landregistry.data.gov.uk/id/region/leeds,E08000035,2011-11,755,monthly,137910,248616,144225,112373,101543,2011-11-01
Leeds,http://landregistry.data.gov.uk/id/region/leeds,E08000035,2011-12,683,monthly,137950,247541,144457,112342,101901,2011-12-01
Leeds,http://landregistry.data.gov.uk/id/region/leeds,E08000035,2012-01,580,monthly,137763,246241,144351,112410,101603,2012-01-01
Leeds,http://landregistry.data.gov.uk/id/region/leeds,E08000035,2012-02,488,monthly,137641,245883,144300,112576,100858,2012-02-01
Leeds,http://landregistry.data.gov.uk/id/region/leeds,E08000035,2012-03,797,monthly,137071,244204,143629,112444,100319,2012-03-01
Leeds,http://landregistry.data.gov.uk/id/region/leeds,E08000035,2012-04,532,monthly,137459,245096,143893,112681,100985,2012-04-01
